21:19:00.329 [main] INFO  org.testng.internal.Utils - [TestNG] Running:
  C:\Users\dhant\AppData\Local\JetBrains\IdeaIC2025.2\temp-testng-customsuite.xml

21:19:04.764 [main] INFO  org.example.testCases.TC001_AccountRegistrationClass - ************ Starting TC001_AccountRegistrationTest **************
21:19:09.853 [main] INFO  org.example.testCases.TC001_AccountRegistrationClass - ************ Clicked On MyAccount link **************
21:19:18.226 [main] INFO  org.example.testCases.TC001_AccountRegistrationClass - ************ Clicked On Register link **************
21:19:18.227 [main] INFO  org.example.testCases.TC001_AccountRegistrationClass - ************ Providing customer details **************
21:19:18.717 [main] INFO  org.example.testCases.TC001_AccountRegistrationClass - ************ Validating expected message **************
21:19:19.711 [main] INFO  org.example.testCases.TC001_AccountRegistrationClass - ************ Finished TC001_AccountRegistrationTest **************
21:38:41.974 [main] INFO  org.testng.internal.Utils - [Utils] MethodGroupsHelper.collectMethodsByGroup() took 1 ms.
21:38:41.976 [main] INFO  org.testng.internal.Utils - [Utils] MethodGroupsHelper.sortMethods() took 0 ms.
21:38:41.977 [main] INFO  org.testng.internal.Utils - [Utils] MethodGroupsHelper.collectMethodsByGroup() took 0 ms.
21:38:41.977 [main] INFO  org.testng.internal.Utils - [Utils] MethodGroupsHelper.sortMethods() took 0 ms.
21:38:41.978 [main] INFO  org.testng.internal.Utils - [Utils] MethodGroupsHelper.collectMethodsByGroup() took 0 ms.
21:38:41.978 [main] INFO  org.testng.internal.Utils - [Utils] MethodGroupsHelper.sortMethods() took 0 ms.
21:38:41.978 [main] INFO  org.testng.internal.Utils - [Utils] MethodGroupsHelper.collectMethodsByGroup() took 0 ms.
21:38:41.978 [main] INFO  org.testng.internal.Utils - [Utils] MethodGroupsHelper.sortMethods() took 0 ms.
21:38:41.982 [main] INFO  org.testng.internal.Utils - [Utils] MethodGroupsHelper.collectMethodsByGroup() took 3 ms.
21:38:41.990 [main] INFO  org.testng.internal.Utils - [Utils] MethodGroupsHelper.sortMethods() took 7 ms.
21:38:41.991 [main] INFO  org.testng.internal.Utils - [Utils] MethodGroupsHelper.collectMethodsByGroup() took 0 ms.
21:38:41.991 [main] INFO  org.testng.internal.Utils - [Utils] MethodGroupsHelper.sortMethods() took 0 ms.
21:38:41.991 [main] INFO  org.testng.internal.Utils - [Utils] MethodGroupsHelper.collectMethodsByGroup() took 0 ms.
21:38:41.991 [main] INFO  org.testng.internal.Utils - [Utils] MethodGroupsHelper.sortMethods() took 0 ms.
21:38:41.991 [main] INFO  org.testng.internal.Utils - [Utils] MethodGroupsHelper.collectMethodsByGroup() took 0 ms.
21:38:41.991 [main] INFO  org.testng.internal.Utils - [Utils] MethodGroupsHelper.sortMethods() took 0 ms.
21:38:41.992 [main] INFO  org.testng.internal.Utils - [Utils] MethodGroupsHelper.collectMethodsByGroup() took 0 ms.
21:38:41.992 [main] INFO  org.testng.internal.Utils - [Utils] MethodGroupsHelper.sortMethods() took 0 ms.
21:38:41.992 [main] INFO  org.testng.internal.Utils - [Utils] MethodGroupsHelper.collectMethodsByGroup() took 0 ms.
21:38:41.992 [main] INFO  org.testng.internal.Utils - [Utils] MethodGroupsHelper.sortMethods() took 0 ms.
21:38:41.993 [main] INFO  org.testng.internal.Utils - [Utils] MethodGroupsHelper.collectMethodsByGroup() took 0 ms.
21:38:41.993 [main] INFO  org.testng.internal.Utils - [Utils] MethodGroupsHelper.sortMethods() took 0 ms.
21:38:41.993 [main] INFO  org.testng.internal.Utils - [Utils] MethodGroupsHelper.collectMethodsByGroup() took 0 ms.
21:38:41.993 [main] INFO  org.testng.internal.Utils - [Utils] MethodGroupsHelper.sortMethods() took 0 ms.
21:38:41.994 [main] INFO  org.testng.internal.Utils - [Utils] MethodGroupsHelper.collectMethodsByGroup() took 1 ms.
21:38:41.994 [main] INFO  org.testng.internal.Utils - [Utils] MethodGroupsHelper.sortMethods() took 0 ms.
21:38:41.994 [main] INFO  org.testng.internal.Utils - [Utils] MethodGroupsHelper.collectMethodsByGroup() took 0 ms.
21:38:41.994 [main] INFO  org.testng.internal.Utils - [Utils] MethodGroupsHelper.sortMethods() took 0 ms.
21:38:41.994 [main] INFO  org.testng.internal.Utils - [Utils] MethodGroupsHelper.collectMethodsByGroup() took 0 ms.
21:38:41.994 [main] INFO  org.testng.internal.Utils - [Utils] MethodGroupsHelper.sortMethods() took 0 ms.
21:38:41.996 [main] INFO  org.testng.internal.Utils - [TestNG] Running:
  D:\JAVA SDET Interview\4_Selenium\OpenCartV121\master.xml

21:38:42.005 [main] INFO  org.testng.internal.Utils - [Utils] DynamicGraphHelper.createDynamicGraph() took 2 ms.
21:38:42.120 [main] INFO  org.testng.internal.Utils - [TestNG] Time taken by org.testng.internal.ExitCodeListener@436390f4: 0 ms
21:40:56.555 [main] INFO  org.testng.internal.Utils - [Utils] MethodGroupsHelper.collectMethodsByGroup() took 0 ms.
21:40:56.557 [main] INFO  org.testng.internal.Utils - [Utils] MethodGroupsHelper.sortMethods() took 0 ms.
21:40:56.558 [main] INFO  org.testng.internal.Utils - [Utils] MethodGroupsHelper.collectMethodsByGroup() took 0 ms.
21:40:56.558 [main] INFO  org.testng.internal.Utils - [Utils] MethodGroupsHelper.sortMethods() took 0 ms.
21:40:56.558 [main] INFO  org.testng.internal.Utils - [Utils] MethodGroupsHelper.collectMethodsByGroup() took 0 ms.
21:40:56.558 [main] INFO  org.testng.internal.Utils - [Utils] MethodGroupsHelper.sortMethods() took 0 ms.
21:40:56.559 [main] INFO  org.testng.internal.Utils - [Utils] MethodGroupsHelper.collectMethodsByGroup() took 0 ms.
21:40:56.559 [main] INFO  org.testng.internal.Utils - [Utils] MethodGroupsHelper.sortMethods() took 0 ms.
21:40:56.564 [main] INFO  org.testng.internal.Utils - [Utils] MethodGroupsHelper.collectMethodsByGroup() took 2 ms.
21:40:56.572 [main] INFO  org.testng.internal.Utils - [Utils] MethodGroupsHelper.sortMethods() took 7 ms.
21:40:56.573 [main] INFO  org.testng.internal.Utils - [Utils] MethodGroupsHelper.collectMethodsByGroup() took 1 ms.
21:40:56.573 [main] INFO  org.testng.internal.Utils - [Utils] MethodGroupsHelper.sortMethods() took 0 ms.
21:40:56.573 [main] INFO  org.testng.internal.Utils - [Utils] MethodGroupsHelper.collectMethodsByGroup() took 0 ms.
21:40:56.573 [main] INFO  org.testng.internal.Utils - [Utils] MethodGroupsHelper.sortMethods() took 0 ms.
21:40:56.573 [main] INFO  org.testng.internal.Utils - [Utils] MethodGroupsHelper.collectMethodsByGroup() took 0 ms.
21:40:56.573 [main] INFO  org.testng.internal.Utils - [Utils] MethodGroupsHelper.sortMethods() took 0 ms.
21:40:56.575 [main] INFO  org.testng.internal.Utils - [Utils] MethodGroupsHelper.collectMethodsByGroup() took 0 ms.
21:40:56.575 [main] INFO  org.testng.internal.Utils - [Utils] MethodGroupsHelper.sortMethods() took 0 ms.
21:40:56.575 [main] INFO  org.testng.internal.Utils - [Utils] MethodGroupsHelper.collectMethodsByGroup() took 0 ms.
21:40:56.575 [main] INFO  org.testng.internal.Utils - [Utils] MethodGroupsHelper.sortMethods() took 0 ms.
21:40:56.576 [main] INFO  org.testng.internal.Utils - [Utils] MethodGroupsHelper.collectMethodsByGroup() took 0 ms.
21:40:56.576 [main] INFO  org.testng.internal.Utils - [Utils] MethodGroupsHelper.sortMethods() took 0 ms.
21:40:56.576 [main] INFO  org.testng.internal.Utils - [Utils] MethodGroupsHelper.collectMethodsByGroup() took 0 ms.
21:40:56.576 [main] INFO  org.testng.internal.Utils - [Utils] MethodGroupsHelper.sortMethods() took 0 ms.
21:40:56.576 [main] INFO  org.testng.internal.Utils - [Utils] MethodGroupsHelper.collectMethodsByGroup() took 0 ms.
21:40:56.577 [main] INFO  org.testng.internal.Utils - [Utils] MethodGroupsHelper.sortMethods() took 1 ms.
21:40:56.577 [main] INFO  org.testng.internal.Utils - [Utils] MethodGroupsHelper.collectMethodsByGroup() took 0 ms.
21:40:56.577 [main] INFO  org.testng.internal.Utils - [Utils] MethodGroupsHelper.sortMethods() took 0 ms.
21:40:56.577 [main] INFO  org.testng.internal.Utils - [Utils] MethodGroupsHelper.collectMethodsByGroup() took 0 ms.
21:40:56.577 [main] INFO  org.testng.internal.Utils - [Utils] MethodGroupsHelper.sortMethods() took 0 ms.
21:40:56.579 [main] INFO  org.testng.internal.Utils - [TestNG] Running:
  D:\JAVA SDET Interview\4_Selenium\OpenCartV121\master.xml

21:40:56.588 [main] INFO  org.testng.internal.Utils - [Utils] DynamicGraphHelper.createDynamicGraph() took 2 ms.
21:40:59.386 [main] INFO  org.example.testCases.TC001_AccountRegistrationClass - ************ Starting TC001_AccountRegistrationTest **************
21:41:04.459 [main] INFO  org.example.testCases.TC001_AccountRegistrationClass - ************ Clicked On MyAccount link **************
21:41:13.686 [main] INFO  org.example.testCases.TC001_AccountRegistrationClass - ************ Clicked On Register link **************
21:41:13.688 [main] INFO  org.example.testCases.TC001_AccountRegistrationClass - ************ Providing customer details **************
21:41:15.709 [main] INFO  org.example.testCases.TC001_AccountRegistrationClass - ************ Validating expected message **************
21:41:15.734 [main] INFO  org.example.testCases.TC001_AccountRegistrationClass - ************ Finished TC001_AccountRegistrationTest **************
21:41:15.920 [main] INFO  org.testng.internal.Utils - [TestNG] Time taken by org.testng.internal.ExitCodeListener@524a2ffb: 0 ms
21:47:37.645 [main] INFO  org.testng.internal.Utils - [TestNG] Running:
  D:\JAVA SDET Interview\4_Selenium\OpenCartV121\crossbrowser.xml

21:47:40.436 [main] INFO  org.example.testCases.TC001_AccountRegistrationClass - ************ Starting TC001_AccountRegistrationTest **************
21:47:45.534 [main] INFO  org.example.testCases.TC001_AccountRegistrationClass - ************ Clicked On MyAccount link **************
21:47:57.379 [main] INFO  org.example.testCases.TC001_AccountRegistrationClass - ************ Clicked On Register link **************
21:47:57.381 [main] INFO  org.example.testCases.TC001_AccountRegistrationClass - ************ Providing customer details **************
21:47:59.045 [main] INFO  org.example.testCases.TC001_AccountRegistrationClass - ************ Validating expected message **************
21:47:59.067 [main] INFO  org.example.testCases.TC001_AccountRegistrationClass - ************ Finished TC001_AccountRegistrationTest **************
21:59:40.855 [main] INFO  org.testng.internal.Utils - [TestNG] Running:
  D:\JAVA SDET Interview\4_Selenium\OpenCartV121\crossbrowser.xml

21:59:42.981 [TestNG-tests-1] INFO  org.example.testCases.TC001_AccountRegistrationClass - ************ Starting TC001_AccountRegistrationTest **************
21:59:48.058 [TestNG-tests-1] INFO  org.example.testCases.TC001_AccountRegistrationClass - ************ Clicked On MyAccount link **************
21:59:55.111 [TestNG-tests-1] INFO  org.example.testCases.TC001_AccountRegistrationClass - ************ Clicked On Register link **************
21:59:55.113 [TestNG-tests-1] INFO  org.example.testCases.TC001_AccountRegistrationClass - ************ Providing customer details **************
21:59:56.297 [TestNG-tests-1] INFO  org.example.testCases.TC001_AccountRegistrationClass - ************ Validating expected message **************
21:59:56.317 [TestNG-tests-1] INFO  org.example.testCases.TC001_AccountRegistrationClass - ************ Finished TC001_AccountRegistrationTest **************
22:01:34.794 [main] INFO  org.testng.internal.Utils - [TestNG] Running:
  D:\JAVA SDET Interview\4_Selenium\OpenCartV121\crossbrowser.xml

22:01:37.105 [TestNG-tests-1] INFO  org.example.testCases.TC001_AccountRegistrationClass - ************ Starting TC001_AccountRegistrationTest **************
22:01:42.171 [TestNG-tests-1] INFO  org.example.testCases.TC001_AccountRegistrationClass - ************ Clicked On MyAccount link **************
22:01:49.160 [TestNG-tests-1] INFO  org.example.testCases.TC001_AccountRegistrationClass - ************ Clicked On Register link **************
22:01:49.162 [TestNG-tests-1] INFO  org.example.testCases.TC001_AccountRegistrationClass - ************ Providing customer details **************
22:01:50.381 [TestNG-tests-1] INFO  org.example.testCases.TC001_AccountRegistrationClass - ************ Validating expected message **************
22:01:50.403 [TestNG-tests-1] INFO  org.example.testCases.TC001_AccountRegistrationClass - ************ Finished TC001_AccountRegistrationTest **************
22:11:44.069 [main] INFO  org.testng.internal.Utils - [Utils] MethodGroupsHelper.collectMethodsByGroup() took 1 ms.
22:11:44.071 [main] INFO  org.testng.internal.Utils - [Utils] MethodGroupsHelper.sortMethods() took 0 ms.
22:11:44.071 [main] INFO  org.testng.internal.Utils - [Utils] MethodGroupsHelper.collectMethodsByGroup() took 0 ms.
22:11:44.071 [main] INFO  org.testng.internal.Utils - [Utils] MethodGroupsHelper.sortMethods() took 0 ms.
22:11:44.073 [main] INFO  org.testng.internal.Utils - [Utils] MethodGroupsHelper.collectMethodsByGroup() took 0 ms.
22:11:44.073 [main] INFO  org.testng.internal.Utils - [Utils] MethodGroupsHelper.sortMethods() took 0 ms.
22:11:44.073 [main] INFO  org.testng.internal.Utils - [Utils] MethodGroupsHelper.collectMethodsByGroup() took 0 ms.
22:11:44.073 [main] INFO  org.testng.internal.Utils - [Utils] MethodGroupsHelper.sortMethods() took 0 ms.
22:11:44.078 [main] INFO  org.testng.internal.Utils - [Utils] MethodGroupsHelper.collectMethodsByGroup() took 3 ms.
22:11:44.085 [main] INFO  org.testng.internal.Utils - [Utils] MethodGroupsHelper.sortMethods() took 7 ms.
22:11:44.086 [main] INFO  org.testng.internal.Utils - [Utils] MethodGroupsHelper.collectMethodsByGroup() took 0 ms.
22:11:44.086 [main] INFO  org.testng.internal.Utils - [Utils] MethodGroupsHelper.sortMethods() took 0 ms.
22:11:44.086 [main] INFO  org.testng.internal.Utils - [Utils] MethodGroupsHelper.collectMethodsByGroup() took 0 ms.
22:11:44.087 [main] INFO  org.testng.internal.Utils - [Utils] MethodGroupsHelper.sortMethods() took 0 ms.
22:11:44.087 [main] INFO  org.testng.internal.Utils - [Utils] MethodGroupsHelper.collectMethodsByGroup() took 0 ms.
22:11:44.087 [main] INFO  org.testng.internal.Utils - [Utils] MethodGroupsHelper.sortMethods() took 0 ms.
22:11:44.088 [main] INFO  org.testng.internal.Utils - [Utils] MethodGroupsHelper.collectMethodsByGroup() took 0 ms.
22:11:44.088 [main] INFO  org.testng.internal.Utils - [Utils] MethodGroupsHelper.sortMethods() took 0 ms.
22:11:44.088 [main] INFO  org.testng.internal.Utils - [Utils] MethodGroupsHelper.collectMethodsByGroup() took 0 ms.
22:11:44.088 [main] INFO  org.testng.internal.Utils - [Utils] MethodGroupsHelper.sortMethods() took 0 ms.
22:11:44.089 [main] INFO  org.testng.internal.Utils - [Utils] MethodGroupsHelper.collectMethodsByGroup() took 0 ms.
22:11:44.089 [main] INFO  org.testng.internal.Utils - [Utils] MethodGroupsHelper.sortMethods() took 0 ms.
22:11:44.089 [main] INFO  org.testng.internal.Utils - [Utils] MethodGroupsHelper.collectMethodsByGroup() took 0 ms.
22:11:44.089 [main] INFO  org.testng.internal.Utils - [Utils] MethodGroupsHelper.sortMethods() took 0 ms.
22:11:44.089 [main] INFO  org.testng.internal.Utils - [Utils] MethodGroupsHelper.collectMethodsByGroup() took 0 ms.
22:11:44.090 [main] INFO  org.testng.internal.Utils - [Utils] MethodGroupsHelper.sortMethods() took 0 ms.
22:11:44.090 [main] INFO  org.testng.internal.Utils - [Utils] MethodGroupsHelper.collectMethodsByGroup() took 0 ms.
22:11:44.090 [main] INFO  org.testng.internal.Utils - [Utils] MethodGroupsHelper.sortMethods() took 0 ms.
22:11:44.090 [main] INFO  org.testng.internal.Utils - [Utils] MethodGroupsHelper.collectMethodsByGroup() took 0 ms.
22:11:44.090 [main] INFO  org.testng.internal.Utils - [Utils] MethodGroupsHelper.sortMethods() took 0 ms.
22:11:44.093 [main] INFO  org.testng.internal.Utils - [TestNG] Running:
  D:\JAVA SDET Interview\4_Selenium\OpenCartV121\master.xml

22:11:44.104 [main] INFO  org.testng.internal.Utils - [Utils] DynamicGraphHelper.createDynamicGraph() took 2 ms.
22:11:46.233 [main] INFO  org.example.testCases.TC001_AccountRegistrationClass - ************ Starting TC001_AccountRegistrationTest **************
22:11:51.301 [main] INFO  org.example.testCases.TC001_AccountRegistrationClass - ************ Clicked On MyAccount link **************
22:11:59.600 [main] INFO  org.example.testCases.TC001_AccountRegistrationClass - ************ Clicked On Register link **************
22:11:59.603 [main] INFO  org.example.testCases.TC001_AccountRegistrationClass - ************ Providing customer details **************
22:12:00.824 [main] INFO  org.example.testCases.TC001_AccountRegistrationClass - ************ Validating expected message **************
22:12:00.849 [main] INFO  org.example.testCases.TC001_AccountRegistrationClass - ************ Finished TC001_AccountRegistrationTest **************
22:12:01.094 [main] INFO  org.testng.internal.Utils - [TestNG] Time taken by org.testng.internal.ExitCodeListener@3bfc6a5e: 0 ms
22:24:37.789 [main] INFO  org.testng.internal.Utils - [TestNG] Running:
  C:\Users\dhant\AppData\Local\JetBrains\IdeaIC2025.2\temp-testng-customsuite.xml

22:24:56.317 [main] INFO  org.testng.internal.Utils - [Utils] MethodGroupsHelper.collectMethodsByGroup() took 0 ms.
22:24:56.319 [main] INFO  org.testng.internal.Utils - [Utils] MethodGroupsHelper.sortMethods() took 0 ms.
22:24:56.319 [main] INFO  org.testng.internal.Utils - [Utils] MethodGroupsHelper.collectMethodsByGroup() took 0 ms.
22:24:56.319 [main] INFO  org.testng.internal.Utils - [Utils] MethodGroupsHelper.sortMethods() took 0 ms.
22:24:56.319 [main] INFO  org.testng.internal.Utils - [Utils] MethodGroupsHelper.collectMethodsByGroup() took 0 ms.
22:24:56.319 [main] INFO  org.testng.internal.Utils - [Utils] MethodGroupsHelper.sortMethods() took 0 ms.
22:24:56.320 [main] INFO  org.testng.internal.Utils - [Utils] MethodGroupsHelper.collectMethodsByGroup() took 0 ms.
22:24:56.320 [main] INFO  org.testng.internal.Utils - [Utils] MethodGroupsHelper.sortMethods() took 0 ms.
22:24:56.324 [main] INFO  org.testng.internal.Utils - [Utils] MethodGroupsHelper.collectMethodsByGroup() took 4 ms.
22:24:56.332 [main] INFO  org.testng.internal.Utils - [Utils] MethodGroupsHelper.sortMethods() took 8 ms.
22:24:56.333 [main] INFO  org.testng.internal.Utils - [Utils] MethodGroupsHelper.collectMethodsByGroup() took 0 ms.
22:24:56.333 [main] INFO  org.testng.internal.Utils - [Utils] MethodGroupsHelper.sortMethods() took 0 ms.
22:24:56.333 [main] INFO  org.testng.internal.Utils - [Utils] MethodGroupsHelper.collectMethodsByGroup() took 0 ms.
22:24:56.333 [main] INFO  org.testng.internal.Utils - [Utils] MethodGroupsHelper.sortMethods() took 0 ms.
22:24:56.333 [main] INFO  org.testng.internal.Utils - [Utils] MethodGroupsHelper.collectMethodsByGroup() took 0 ms.
22:24:56.333 [main] INFO  org.testng.internal.Utils - [Utils] MethodGroupsHelper.sortMethods() took 0 ms.
22:24:56.334 [main] INFO  org.testng.internal.Utils - [Utils] MethodGroupsHelper.collectMethodsByGroup() took 0 ms.
22:24:56.334 [main] INFO  org.testng.internal.Utils - [Utils] MethodGroupsHelper.sortMethods() took 0 ms.
22:24:56.334 [main] INFO  org.testng.internal.Utils - [Utils] MethodGroupsHelper.collectMethodsByGroup() took 0 ms.
22:24:56.334 [main] INFO  org.testng.internal.Utils - [Utils] MethodGroupsHelper.sortMethods() took 0 ms.
22:24:56.335 [main] INFO  org.testng.internal.Utils - [Utils] MethodGroupsHelper.collectMethodsByGroup() took 0 ms.
22:24:56.335 [main] INFO  org.testng.internal.Utils - [Utils] MethodGroupsHelper.sortMethods() took 0 ms.
22:24:56.335 [main] INFO  org.testng.internal.Utils - [Utils] MethodGroupsHelper.collectMethodsByGroup() took 0 ms.
22:24:56.335 [main] INFO  org.testng.internal.Utils - [Utils] MethodGroupsHelper.sortMethods() took 0 ms.
22:24:56.336 [main] INFO  org.testng.internal.Utils - [Utils] MethodGroupsHelper.collectMethodsByGroup() took 0 ms.
22:24:56.336 [main] INFO  org.testng.internal.Utils - [Utils] MethodGroupsHelper.sortMethods() took 0 ms.
22:24:56.337 [main] INFO  org.testng.internal.Utils - [Utils] MethodGroupsHelper.collectMethodsByGroup() took 0 ms.
22:24:56.337 [main] INFO  org.testng.internal.Utils - [Utils] MethodGroupsHelper.sortMethods() took 0 ms.
22:24:56.337 [main] INFO  org.testng.internal.Utils - [Utils] MethodGroupsHelper.collectMethodsByGroup() took 0 ms.
22:24:56.337 [main] INFO  org.testng.internal.Utils - [Utils] MethodGroupsHelper.sortMethods() took 0 ms.
22:24:56.338 [main] INFO  org.testng.internal.Utils - [TestNG] Running:
  D:\JAVA SDET Interview\4_Selenium\OpenCartV121\master.xml

22:24:56.347 [main] INFO  org.testng.internal.Utils - [Utils] DynamicGraphHelper.createDynamicGraph() took 1 ms.
22:25:07.815 [main] INFO  org.testng.internal.Utils - [TestNG] Time taken by org.testng.internal.ExitCodeListener@5f8890c2: 0 ms
12:05:39.890 [main] INFO  org.testng.internal.Utils - [TestNG] Running:
  D:\JAVA SDET Interview\4_Selenium\OpenCartV121\crossbrowser.xml

12:05:45.583 [TestNG-tests-1] INFO  org.example.testCases.TC001_AccountRegistrationClass - ************ Starting TC001_AccountRegistrationTest **************
12:05:50.738 [TestNG-tests-1] INFO  org.example.testCases.TC001_AccountRegistrationClass - ************ Clicked On MyAccount link **************
12:05:57.368 [TestNG-tests-1] INFO  org.example.testCases.TC001_AccountRegistrationClass - ************ Clicked On Register link **************
12:05:57.372 [TestNG-tests-1] INFO  org.example.testCases.TC001_AccountRegistrationClass - ************ Providing customer details **************
12:05:59.181 [TestNG-tests-1] INFO  org.example.testCases.TC001_AccountRegistrationClass - ************ Validating expected message **************
12:05:59.354 [TestNG-tests-1] INFO  org.example.testCases.TC001_AccountRegistrationClass - ************ Finished TC001_AccountRegistrationTest **************
12:19:32.904 [main] INFO  org.testng.internal.Utils - [TestNG] Running:
  D:\JAVA SDET Interview\4_Selenium\OpenCartV121\crossbrowser.xml

12:19:35.965 [TestNG-tests-1] INFO  org.example.testCases.TC001_AccountRegistrationClass - ************ Starting TC001_AccountRegistrationTest **************
12:19:41.171 [TestNG-tests-1] INFO  org.example.testCases.TC001_AccountRegistrationClass - ************ Clicked On MyAccount link **************
12:19:49.244 [TestNG-tests-1] INFO  org.example.testCases.TC001_AccountRegistrationClass - ************ Clicked On Register link **************
12:19:49.248 [TestNG-tests-1] INFO  org.example.testCases.TC001_AccountRegistrationClass - ************ Providing customer details **************
12:19:51.476 [TestNG-tests-1] INFO  org.example.testCases.TC001_AccountRegistrationClass - ************ Validating expected message **************
12:19:51.537 [TestNG-tests-1] INFO  org.example.testCases.TC001_AccountRegistrationClass - ************ Finished TC001_AccountRegistrationTest **************
12:21:09.898 [main] INFO  org.testng.internal.Utils - [TestNG] Running:
  D:\JAVA SDET Interview\4_Selenium\OpenCartV121\crossbrowser.xml

12:21:13.155 [TestNG-tests-2] INFO  org.example.testCases.TC001_AccountRegistrationClass - ************ Starting TC001_AccountRegistrationTest **************
12:21:13.395 [TestNG-tests-1] INFO  org.example.testCases.TC001_AccountRegistrationClass - ************ Starting TC001_AccountRegistrationTest **************
12:21:18.329 [TestNG-tests-2] INFO  org.example.testCases.TC001_AccountRegistrationClass - ************ Clicked On MyAccount link **************
12:21:18.509 [TestNG-tests-1] INFO  org.example.testCases.TC001_AccountRegistrationClass - ************ Clicked On MyAccount link **************
12:21:26.613 [TestNG-tests-1] INFO  org.example.testCases.TC001_AccountRegistrationClass - ************ Clicked On Register link **************
12:21:26.617 [TestNG-tests-1] INFO  org.example.testCases.TC001_AccountRegistrationClass - ************ Providing customer details **************
12:21:26.782 [TestNG-tests-2] INFO  org.example.testCases.TC001_AccountRegistrationClass - ************ Clicked On Register link **************
12:21:26.783 [TestNG-tests-2] INFO  org.example.testCases.TC001_AccountRegistrationClass - ************ Providing customer details **************
12:21:29.313 [TestNG-tests-1] INFO  org.example.testCases.TC001_AccountRegistrationClass - ************ Validating expected message **************
12:21:29.404 [TestNG-tests-1] INFO  org.example.testCases.TC001_AccountRegistrationClass - ************ Finished TC001_AccountRegistrationTest **************
12:21:29.415 [TestNG-tests-2] INFO  org.example.testCases.TC001_AccountRegistrationClass - ************ Validating expected message **************
12:21:29.457 [TestNG-tests-2] INFO  org.example.testCases.TC001_AccountRegistrationClass - ************ Finished TC001_AccountRegistrationTest **************
12:23:55.914 [main] INFO  org.testng.internal.Utils - [TestNG] Running:
  D:\JAVA SDET Interview\4_Selenium\OpenCartV121\crossbrowser.xml

12:23:59.788 [TestNG-tests-1] INFO  org.example.testCases.TC001_AccountRegistrationClass - ************ Starting TC001_AccountRegistrationTest **************
15:07:48.500 [main] INFO  org.testng.internal.Utils - [Utils] MethodGroupsHelper.collectMethodsByGroup() took 0 ms.
15:07:48.505 [main] INFO  org.testng.internal.Utils - [Utils] MethodGroupsHelper.sortMethods() took 2 ms.
15:07:48.510 [main] INFO  org.testng.internal.Utils - [Utils] MethodGroupsHelper.collectMethodsByGroup() took 0 ms.
15:07:48.510 [main] INFO  org.testng.internal.Utils - [Utils] MethodGroupsHelper.sortMethods() took 0 ms.
15:07:48.510 [main] INFO  org.testng.internal.Utils - [Utils] MethodGroupsHelper.collectMethodsByGroup() took 0 ms.
15:07:48.510 [main] INFO  org.testng.internal.Utils - [Utils] MethodGroupsHelper.sortMethods() took 0 ms.
15:07:48.513 [main] INFO  org.testng.internal.Utils - [Utils] MethodGroupsHelper.collectMethodsByGroup() took 0 ms.
15:07:48.513 [main] INFO  org.testng.internal.Utils - [Utils] MethodGroupsHelper.sortMethods() took 0 ms.
15:07:48.521 [main] INFO  org.testng.internal.Utils - [Utils] MethodGroupsHelper.collectMethodsByGroup() took 4 ms.
15:07:48.546 [main] INFO  org.testng.internal.Utils - [Utils] MethodGroupsHelper.sortMethods() took 25 ms.
15:07:48.548 [main] INFO  org.testng.internal.Utils - [Utils] MethodGroupsHelper.collectMethodsByGroup() took 0 ms.
15:07:48.548 [main] INFO  org.testng.internal.Utils - [Utils] MethodGroupsHelper.sortMethods() took 0 ms.
15:07:48.549 [main] INFO  org.testng.internal.Utils - [Utils] MethodGroupsHelper.collectMethodsByGroup() took 0 ms.
15:07:48.549 [main] INFO  org.testng.internal.Utils - [Utils] MethodGroupsHelper.sortMethods() took 0 ms.
15:07:48.549 [main] INFO  org.testng.internal.Utils - [Utils] MethodGroupsHelper.collectMethodsByGroup() took 0 ms.
15:07:48.549 [main] INFO  org.testng.internal.Utils - [Utils] MethodGroupsHelper.sortMethods() took 0 ms.
15:07:48.549 [main] INFO  org.testng.internal.Utils - [Utils] MethodGroupsHelper.collectMethodsByGroup() took 0 ms.
15:07:48.549 [main] INFO  org.testng.internal.Utils - [Utils] MethodGroupsHelper.sortMethods() took 0 ms.
15:07:48.549 [main] INFO  org.testng.internal.Utils - [Utils] MethodGroupsHelper.collectMethodsByGroup() took 0 ms.
15:07:48.549 [main] INFO  org.testng.internal.Utils - [Utils] MethodGroupsHelper.sortMethods() took 0 ms.
15:07:48.557 [main] INFO  org.testng.internal.Utils - [Utils] MethodGroupsHelper.collectMethodsByGroup() took 0 ms.
15:07:48.557 [main] INFO  org.testng.internal.Utils - [Utils] MethodGroupsHelper.sortMethods() took 0 ms.
15:07:48.557 [main] INFO  org.testng.internal.Utils - [Utils] MethodGroupsHelper.collectMethodsByGroup() took 0 ms.
15:07:48.557 [main] INFO  org.testng.internal.Utils - [Utils] MethodGroupsHelper.sortMethods() took 0 ms.
15:07:48.557 [main] INFO  org.testng.internal.Utils - [Utils] MethodGroupsHelper.collectMethodsByGroup() took 0 ms.
15:07:48.557 [main] INFO  org.testng.internal.Utils - [Utils] MethodGroupsHelper.sortMethods() took 0 ms.
15:07:48.557 [main] INFO  org.testng.internal.Utils - [Utils] MethodGroupsHelper.collectMethodsByGroup() took 0 ms.
15:07:48.557 [main] INFO  org.testng.internal.Utils - [Utils] MethodGroupsHelper.sortMethods() took 0 ms.
15:07:48.557 [main] INFO  org.testng.internal.Utils - [Utils] MethodGroupsHelper.collectMethodsByGroup() took 0 ms.
15:07:48.557 [main] INFO  org.testng.internal.Utils - [Utils] MethodGroupsHelper.sortMethods() took 0 ms.
15:07:48.565 [main] INFO  org.testng.internal.Utils - [TestNG] Running:
  D:\JAVA SDET Interview\4_Selenium\OpenCartV121\master.xml

15:07:48.583 [main] INFO  org.testng.internal.Utils - [Utils] DynamicGraphHelper.createDynamicGraph() took 9 ms.
15:07:48.674 [main] INFO  org.testng.internal.Utils - [TestNG] Time taken by org.testng.internal.ExitCodeListener@1133ec6e: 0 ms
15:09:36.913 [main] INFO  org.testng.internal.Utils - [Utils] MethodGroupsHelper.collectMethodsByGroup() took 0 ms.
15:09:36.919 [main] INFO  org.testng.internal.Utils - [Utils] MethodGroupsHelper.sortMethods() took 5 ms.
15:09:36.919 [main] INFO  org.testng.internal.Utils - [Utils] MethodGroupsHelper.collectMethodsByGroup() took 0 ms.
15:09:36.919 [main] INFO  org.testng.internal.Utils - [Utils] MethodGroupsHelper.sortMethods() took 0 ms.
15:09:36.919 [main] INFO  org.testng.internal.Utils - [Utils] MethodGroupsHelper.collectMethodsByGroup() took 0 ms.
15:09:36.919 [main] INFO  org.testng.internal.Utils - [Utils] MethodGroupsHelper.sortMethods() took 0 ms.
15:09:36.919 [main] INFO  org.testng.internal.Utils - [Utils] MethodGroupsHelper.collectMethodsByGroup() took 0 ms.
15:09:36.919 [main] INFO  org.testng.internal.Utils - [Utils] MethodGroupsHelper.sortMethods() took 0 ms.
15:09:36.927 [main] INFO  org.testng.internal.Utils - [Utils] MethodGroupsHelper.collectMethodsByGroup() took 3 ms.
15:09:36.943 [main] INFO  org.testng.internal.Utils - [Utils] MethodGroupsHelper.sortMethods() took 16 ms.
15:09:36.947 [main] INFO  org.testng.internal.Utils - [Utils] MethodGroupsHelper.collectMethodsByGroup() took 0 ms.
15:09:36.947 [main] INFO  org.testng.internal.Utils - [Utils] MethodGroupsHelper.sortMethods() took 0 ms.
15:09:36.947 [main] INFO  org.testng.internal.Utils - [Utils] MethodGroupsHelper.collectMethodsByGroup() took 0 ms.
15:09:36.947 [main] INFO  org.testng.internal.Utils - [Utils] MethodGroupsHelper.sortMethods() took 0 ms.
15:09:36.950 [main] INFO  org.testng.internal.Utils - [Utils] MethodGroupsHelper.collectMethodsByGroup() took 0 ms.
15:09:36.950 [main] INFO  org.testng.internal.Utils - [Utils] MethodGroupsHelper.sortMethods() took 0 ms.
15:09:36.952 [main] INFO  org.testng.internal.Utils - [Utils] MethodGroupsHelper.collectMethodsByGroup() took 0 ms.
15:09:36.952 [main] INFO  org.testng.internal.Utils - [Utils] MethodGroupsHelper.sortMethods() took 0 ms.
15:09:36.952 [main] INFO  org.testng.internal.Utils - [Utils] MethodGroupsHelper.collectMethodsByGroup() took 0 ms.
15:09:36.952 [main] INFO  org.testng.internal.Utils - [Utils] MethodGroupsHelper.sortMethods() took 0 ms.
15:09:36.952 [main] INFO  org.testng.internal.Utils - [Utils] MethodGroupsHelper.collectMethodsByGroup() took 0 ms.
15:09:36.954 [main] INFO  org.testng.internal.Utils - [Utils] MethodGroupsHelper.sortMethods() took 0 ms.
15:09:36.954 [main] INFO  org.testng.internal.Utils - [Utils] MethodGroupsHelper.collectMethodsByGroup() took 0 ms.
15:09:36.954 [main] INFO  org.testng.internal.Utils - [Utils] MethodGroupsHelper.sortMethods() took 0 ms.
15:09:36.954 [main] INFO  org.testng.internal.Utils - [Utils] MethodGroupsHelper.collectMethodsByGroup() took 0 ms.
15:09:36.954 [main] INFO  org.testng.internal.Utils - [Utils] MethodGroupsHelper.sortMethods() took 0 ms.
15:09:36.954 [main] INFO  org.testng.internal.Utils - [Utils] MethodGroupsHelper.collectMethodsByGroup() took 0 ms.
15:09:36.954 [main] INFO  org.testng.internal.Utils - [Utils] MethodGroupsHelper.sortMethods() took 0 ms.
15:09:36.954 [main] INFO  org.testng.internal.Utils - [Utils] MethodGroupsHelper.collectMethodsByGroup() took 0 ms.
15:09:36.954 [main] INFO  org.testng.internal.Utils - [Utils] MethodGroupsHelper.sortMethods() took 0 ms.
15:09:36.954 [main] INFO  org.testng.internal.Utils - [Utils] MethodGroupsHelper.collectMethodsByGroup() took 0 ms.
15:09:36.954 [main] INFO  org.testng.internal.Utils - [Utils] MethodGroupsHelper.sortMethods() took 0 ms.
15:09:36.954 [main] INFO  org.testng.internal.Utils - [Utils] MethodGroupsHelper.collectMethodsByGroup() took 0 ms.
15:09:36.954 [main] INFO  org.testng.internal.Utils - [Utils] MethodGroupsHelper.sortMethods() took 0 ms.
15:09:36.954 [main] INFO  org.testng.internal.Utils - [Utils] MethodGroupsHelper.collectMethodsByGroup() took 0 ms.
15:09:36.954 [main] INFO  org.testng.internal.Utils - [Utils] MethodGroupsHelper.sortMethods() took 0 ms.
15:09:36.960 [main] INFO  org.testng.internal.Utils - [Utils] MethodGroupsHelper.collectMethodsByGroup() took 0 ms.
15:09:36.960 [main] INFO  org.testng.internal.Utils - [Utils] MethodGroupsHelper.sortMethods() took 0 ms.
15:09:36.960 [main] INFO  org.testng.internal.Utils - [Utils] MethodGroupsHelper.collectMethodsByGroup() took 0 ms.
15:09:36.960 [main] INFO  org.testng.internal.Utils - [Utils] MethodGroupsHelper.sortMethods() took 0 ms.
15:09:36.960 [main] INFO  org.testng.internal.Utils - [Utils] MethodGroupsHelper.collectMethodsByGroup() took 0 ms.
15:09:36.960 [main] INFO  org.testng.internal.Utils - [Utils] MethodGroupsHelper.sortMethods() took 0 ms.
15:09:36.960 [main] INFO  org.testng.internal.Utils - [Utils] MethodGroupsHelper.collectMethodsByGroup() took 0 ms.
15:09:36.960 [main] INFO  org.testng.internal.Utils - [Utils] MethodGroupsHelper.sortMethods() took 0 ms.
15:09:36.965 [main] INFO  org.testng.internal.Utils - [Utils] MethodGroupsHelper.collectMethodsByGroup() took 5 ms.
15:09:36.965 [main] INFO  org.testng.internal.Utils - [Utils] MethodGroupsHelper.sortMethods() took 0 ms.
15:09:36.967 [main] INFO  org.testng.internal.Utils - [Utils] MethodGroupsHelper.collectMethodsByGroup() took 0 ms.
15:09:36.967 [main] INFO  org.testng.internal.Utils - [Utils] MethodGroupsHelper.sortMethods() took 0 ms.
15:09:36.967 [main] INFO  org.testng.internal.Utils - [Utils] MethodGroupsHelper.collectMethodsByGroup() took 0 ms.
15:09:36.968 [main] INFO  org.testng.internal.Utils - [Utils] MethodGroupsHelper.sortMethods() took 0 ms.
15:09:36.968 [main] INFO  org.testng.internal.Utils - [TestNG] Running:
  D:\JAVA SDET Interview\4_Selenium\OpenCartV121\master.xml

15:09:36.993 [main] INFO  org.testng.internal.Utils - [Utils] DynamicGraphHelper.createDynamicGraph() took 7 ms.
15:09:39.894 [main] INFO  org.example.testCases.TC001_AccountRegistrationClass - ************ Starting TC001_AccountRegistrationTest **************
15:09:45.122 [main] INFO  org.example.testCases.TC001_AccountRegistrationClass - ************ Clicked On MyAccount link **************
15:09:50.827 [main] INFO  org.example.testCases.TC001_AccountRegistrationClass - ************ Clicked On Register link **************
15:09:50.835 [main] INFO  org.example.testCases.TC001_AccountRegistrationClass - ************ Providing customer details **************
15:09:52.637 [main] INFO  org.example.testCases.TC001_AccountRegistrationClass - ************ Validating expected message **************
15:09:52.696 [main] INFO  org.example.testCases.TC001_AccountRegistrationClass - ************ Finished TC001_AccountRegistrationTest **************
15:09:53.170 [main] INFO  org.testng.internal.Utils - [TestNG] Time taken by org.testng.internal.ExitCodeListener@27a2a089: 0 ms
15:14:20.357 [main] INFO  org.testng.internal.Utils - [TestNG] Running:
  D:\JAVA SDET Interview\4_Selenium\OpenCartV121\master.xml

15:14:23.016 [main] INFO  org.example.testCases.TC001_AccountRegistrationClass - ************ Starting TC001_AccountRegistrationTest **************
15:14:28.210 [main] INFO  org.example.testCases.TC001_AccountRegistrationClass - ************ Clicked On MyAccount link **************
15:14:34.131 [main] INFO  org.example.testCases.TC001_AccountRegistrationClass - ************ Clicked On Register link **************
15:14:34.135 [main] INFO  org.example.testCases.TC001_AccountRegistrationClass - ************ Providing customer details **************
15:14:36.289 [main] INFO  org.example.testCases.TC001_AccountRegistrationClass - ************ Validating expected message **************
15:14:36.346 [main] INFO  org.example.testCases.TC001_AccountRegistrationClass - ************ Finished TC001_AccountRegistrationTest **************
15:15:18.589 [main] INFO  org.testng.internal.Utils - [TestNG] Running:
  D:\JAVA SDET Interview\4_Selenium\OpenCartV121\master.xml

15:15:21.332 [main] INFO  org.example.testCases.TC002_LoginTest - **********  Starting TC_002_LoginTest ********
15:16:46.137 [main] INFO  org.testng.internal.Utils - [TestNG] Running:
  D:\JAVA SDET Interview\4_Selenium\OpenCartV121\master.xml

15:16:50.671 [main] INFO  org.example.testCases.TC002_LoginTest - **********  Starting TC_002_LoginTest ********
15:20:25.802 [main] INFO  org.testng.internal.Utils - [TestNG] Running:
  D:\JAVA SDET Interview\4_Selenium\OpenCartV121\master.xml

15:20:29.189 [main] INFO  org.example.testCases.TC002_LoginTest - **********  Starting TC_002_LoginTest ********
15:22:40.079 [main] INFO  org.testng.internal.Utils - [TestNG] Running:
  D:\JAVA SDET Interview\4_Selenium\OpenCartV121\master.xml

15:22:42.594 [main] INFO  org.example.testCases.TC002_LoginTest - **********  Starting TC_002_LoginTest ********
15:22:46.769 [main] INFO  org.example.testCases.TC002_LoginTest - **********  Finished TC_002_LoginTest ********
16:52:34.369 [main] INFO  org.testng.internal.Utils - [TestNG] Running:
  D:\JAVA SDET Interview\4_Selenium\OpenCartV121\master.xml

16:53:57.809 [main] INFO  org.testng.internal.Utils - [TestNG] Running:
  D:\JAVA SDET Interview\4_Selenium\OpenCartV121\master.xml

17:04:10.553 [main] INFO  org.testng.internal.Utils - [TestNG] Running:
  D:\JAVA SDET Interview\4_Selenium\OpenCartV121\master.xml

17:17:03.220 [main] INFO  org.testng.internal.Utils - [TestNG] Running:
  D:\JAVA SDET Interview\4_Selenium\OpenCartV121\grouping.xml

17:18:14.972 [main] INFO  org.testng.internal.Utils - [TestNG] Running:
  D:\JAVA SDET Interview\4_Selenium\OpenCartV121\grouping.xml

17:18:16.922 [main] INFO  org.example.testCases.TC002_LoginTest - **********  Starting TC_002_LoginTest ********
17:18:21.174 [main] INFO  org.example.testCases.TC002_LoginTest - **********  Finished TC_002_LoginTest ********
15:22:17.222 [main] INFO  org.testng.internal.Utils - [TestNG] Running:
  D:\JAVA SDET Interview\4_Selenium\OpenCartV121\master.xml

15:22:19.221 [main] INFO  org.example.testCases.TC001_AccountRegistrationClass - ************ Starting TC001_AccountRegistrationTest **************
15:22:24.318 [main] INFO  org.example.testCases.TC001_AccountRegistrationClass - ************ Clicked On MyAccount link **************
15:22:29.803 [main] INFO  org.example.testCases.TC001_AccountRegistrationClass - ************ Clicked On Register link **************
15:22:29.805 [main] INFO  org.example.testCases.TC001_AccountRegistrationClass - ************ Providing customer details **************
15:22:31.105 [main] INFO  org.example.testCases.TC001_AccountRegistrationClass - ************ Validating expected message **************
15:22:31.130 [main] INFO  org.example.testCases.TC001_AccountRegistrationClass - ************ Finished TC001_AccountRegistrationTest **************
15:22:32.949 [main] INFO  org.example.testCases.TC002_LoginTest - **********  Starting TC_002_LoginTest ********
15:22:37.158 [main] INFO  org.example.testCases.TC002_LoginTest - **********  Finished TC_002_LoginTest ********
15:26:08.084 [main] INFO  org.testng.internal.Utils - [TestNG] Running:
  D:\JAVA SDET Interview\4_Selenium\OpenCartV121\master.xml

15:26:09.915 [main] INFO  org.example.testCases.TC002_LoginTest - **********  Starting TC_002_LoginTest ********
15:26:14.113 [main] INFO  org.example.testCases.TC002_LoginTest - **********  Finished TC_002_LoginTest ********
